[INFO] Scanning for projects...
[INFO] 
[INFO] ------------------------< com.revhire:revhire >-------------------------
[INFO] Building revhire 0.0.1-SNAPSHOT
[INFO]   from pom.xml
[INFO] --------------------------------[ jar ]---------------------------------
[INFO] 
[INFO] --- resources:3.3.1:resources (default-resources) @ revhire ---
[INFO] Copying 1 resource from src\main\resources to target\classes
[INFO] Copying 39 resources from src\main\resources to target\classes
[INFO] 
[INFO] --- compiler:3.11.0:compile (default-compile) @ revhire ---
[INFO] Nothing to compile - all classes are up to date
[INFO] 
[INFO] --- resources:3.3.1:testResources (default-testResources) @ revhire ---
[INFO] skip non existing resourceDirectory C:\Users\manda\Documents\workspace-spring-tools-for-eclipse-5.0.1.RELEASE\revhire\src\test\resources
[INFO] 
[INFO] --- compiler:3.11.0:testCompile (default-testCompile) @ revhire ---
[INFO] Changes detected - recompiling the module! :source
[INFO] Compiling 11 source files with javac [debug release 17] to target\test-classes
[INFO] /C:/Users/manda/Documents/workspace-spring-tools-for-eclipse-5.0.1.RELEASE/revhire/src/test/java/com/revhire/service/JobSeekerServiceTest.java: C:\Users\manda\Documents\workspace-spring-tools-for-eclipse-5.0.1.RELEASE\revhire\src\test\java\com\revhire\service\JobSeekerServiceTest.java uses or overrides a deprecated API.
[INFO] /C:/Users/manda/Documents/workspace-spring-tools-for-eclipse-5.0.1.RELEASE/revhire/src/test/java/com/revhire/service/JobSeekerServiceTest.java: Recompile with -Xlint:deprecation for details.
[INFO] -------------------------------------------------------------
[ERROR] COMPILATION ERROR : 
[INFO] -------------------------------------------------------------
[ERROR] /C:/Users/manda/Documents/workspace-spring-tools-for-eclipse-5.0.1.RELEASE/revhire/src/test/java/com/revhire/controller/JobSeekerControllerTest.java:[100,13] cannot find symbol
  symbol:   method assertEquals(java.lang.String,java.lang.String)
  location: class com.revhire.controller.JobSeekerControllerTest
[ERROR] /C:/Users/manda/Documents/workspace-spring-tools-for-eclipse-5.0.1.RELEASE/revhire/src/test/java/com/revhire/controller/JobSeekerControllerTest.java:[142,48] no suitable method found for thenReturn(org.springframework.http.ResponseEntity<java.lang.String>)
    method org.mockito.stubbing.OngoingStubbing.thenReturn(org.springframework.http.ResponseEntity<capture#1 of ?>) is not applicable
      (argument mismatch; inference variable T has incompatible bounds
          equality constraints: capture#1 of ?
          lower bounds: java.lang.String)
    method org.mockito.stubbing.OngoingStubbing.thenReturn(org.springframework.http.ResponseEntity<capture#1 of ?>,org.springframework.http.ResponseEntity<capture#1 of ?>...) is not applicable
      (argument mismatch; inference variable T has incompatible bounds
          equality constraints: capture#1 of ?
          lower bounds: java.lang.String)
[INFO] 2 errors 
[INFO] -------------------------------------------------------------
[INFO] ------------------------------------------------------------------------
[INFO] BUILD FAILURE
[INFO] ------------------------------------------------------------------------
[INFO] Total time:  4.221 s
[INFO] Finished at: 2026-03-04T03:20:11+05:30
[INFO] ------------------------------------------------------------------------
[ERROR] Failed to execute goal org.apache.maven.plugins:maven-compiler-plugin:3.11.0:testCompile (default-testCompile) on project revhire: Compilation failure: Compilation failure: 
[ERROR] /C:/Users/manda/Documents/workspace-spring-tools-for-eclipse-5.0.1.RELEASE/revhire/src/test/java/com/revhire/controller/JobSeekerControllerTest.java:[100,13] cannot find symbol
[ERROR]   symbol:   method assertEquals(java.lang.String,java.lang.String)
[ERROR]   location: class com.revhire.controller.JobSeekerControllerTest
[ERROR] /C:/Users/manda/Documents/workspace-spring-tools-for-eclipse-5.0.1.RELEASE/revhire/src/test/java/com/revhire/controller/JobSeekerControllerTest.java:[142,48] no suitable method found for thenReturn(org.springframework.http.ResponseEntity<java.lang.String>)
[ERROR]     method org.mockito.stubbing.OngoingStubbing.thenReturn(org.springframework.http.ResponseEntity<capture#1 of ?>) is not applicable
[ERROR]       (argument mismatch; inference variable T has incompatible bounds
[ERROR]           equality constraints: capture#1 of ?
[ERROR]           lower bounds: java.lang.String)
[ERROR]     method org.mockito.stubbing.OngoingStubbing.thenReturn(org.springframework.http.ResponseEntity<capture#1 of ?>,org.springframework.http.ResponseEntity<capture#1 of ?>...) is not applicable
[ERROR]       (argument mismatch; inference variable T has incompatible bounds
[ERROR]           equality constraints: capture#1 of ?
[ERROR]           lower bounds: java.lang.String)
[ERROR] -> [Help 1]
[ERROR] 
[ERROR] To see the full stack trace of the errors, re-run Maven with the -e switch.
[ERROR] Re-run Maven using the -X switch to enable full debug logging.
[ERROR] 
[ERROR] For more information about the errors and possible solutions, please read the following articles:
[ERROR] [Help 1] http://cwiki.apache.org/confluence/display/MAVEN/MojoFailureException
