[INFO] Scanning for projects...
[INFO] 
[INFO] ------------------------< com.revhire:revhire >-------------------------
[INFO] Building revhire 0.0.1-SNAPSHOT
[INFO]   from pom.xml
[INFO] --------------------------------[ jar ]---------------------------------
[INFO] 
[INFO] --- clean:3.3.2:clean (default-clean) @ revhire ---
[INFO] Deleting C:\Users\manda\Documents\workspace-spring-tools-for-eclipse-5.0.1.RELEASE\revhire\target
[INFO] 
[INFO] --- resources:3.3.1:resources (default-resources) @ revhire ---
[INFO] Copying 1 resource from src\main\resources to target\classes
[INFO] Copying 39 resources from src\main\resources to target\classes
[INFO] 
[INFO] --- compiler:3.11.0:compile (default-compile) @ revhire ---
[INFO] Changes detected - recompiling the module! :source
[INFO] Compiling 78 source files with javac [debug release 17] to target\classes
[INFO] 
[INFO] --- resources:3.3.1:testResources (default-testResources) @ revhire ---
[INFO] skip non existing resourceDirectory C:\Users\manda\Documents\workspace-spring-tools-for-eclipse-5.0.1.RELEASE\revhire\src\test\resources
[INFO] 
[INFO] --- compiler:3.11.0:testCompile (default-testCompile) @ revhire ---
[INFO] Changes detected - recompiling the module! :dependency
[INFO] Compiling 8 source files with javac [debug release 17] to target\test-classes
[INFO] ------------------------------------------------------------------------
[INFO] BUILD SUCCESS
[INFO] ------------------------------------------------------------------------
[INFO] Total time:  11.030 s
[INFO] Finished at: 2026-03-04T03:02:25+05:30
[INFO] ------------------------------------------------------------------------
